services/firebaseService.ts(1,48): error TS2307: Cannot find module 'firebase/app' or its corresponding type declarations.
services/firebaseService.ts(2,80): error TS2307: Cannot find module 'firebase/database' or its corresponding type declarations.
services/geminiService.ts(2,35): error TS2307: Cannot find module '@google/genai' or its corresponding type declarations.
services/supabaseService.ts(5,33): error TS2339: Property 'env' does not exist on type 'ImportMeta'.
services/supabaseService.ts(6,37): error TS2339: Property 'env' does not exist on type 'ImportMeta'.
